=== RUN   TestGuestHelperInstallPinsInterpreterAndEnv
=== RUN   TestGuestHelperInstallPinsInterpreterAndEnv/CSEC02
    root_boundary_test.go:29: PENDING C-SEC-02: requires approved installed bundle and real msb; set SMITHERS_GUEST_ROOT_BOUNDARY_CHECK=1
=== NAME  TestGuestHelperInstallPinsInterpreterAndEnv
    root_boundary_test.go:32: 
        	Error Trace:	/Users/williamcory/lanes/sec01/packages/backend/microsandbox/root_boundary_test.go:32
        	Error:      	"exec -e PATH=/hostile -e PYTHONPATH=/hostile -e LD_PRELOAD=/hostile fixture -- python3 /opt/smithers/guest/smithers-guest.py kill-all" does not contain "-e PATH=/usr/bin:/bin -e PYTHONPATH= -e LD_PRELOAD= -e LD_LIBRARY_PATH="
        	Test:       	TestGuestHelperInstallPinsInterpreterAndEnv
--- FAIL: TestGuestHelperInstallPinsInterpreterAndEnv (0.00s)
    --- SKIP: TestGuestHelperInstallPinsInterpreterAndEnv/CSEC02 (0.00s)
=== RUN   TestRootSetupNeverFollowsMemberSymlinks
=== RUN   TestRootSetupNeverFollowsMemberSymlinks/CSEC02
    root_boundary_test.go:44: PENDING C-SEC-02: requires approved installed bundle and real msb; set SMITHERS_GUEST_ROOT_BOUNDARY_CHECK=1
=== NAME  TestRootSetupNeverFollowsMemberSymlinks
    root_boundary_test.go:45: 
        	Error Trace:	/Users/williamcory/lanes/sec01/packages/backend/microsandbox/root_boundary_test.go:25
        	            				/Users/williamcory/lanes/sec01/packages/backend/microsandbox/root_boundary_test.go:45
        	Error:      	Received unexpected error:
        	            	exit status 1
        	Test:       	TestRootSetupNeverFollowsMemberSymlinks
        	Messages:   	Traceback (most recent call last):
        	            	  File "<string>", line 26, in <module>
        	            	    else: raise AssertionError('followed leaf')
        	            	          ^^^^^^^^^^^^^^^^^^^^^^^^^^^^^^^^^^^^^
        	            	AssertionError: followed leaf
--- FAIL: TestRootSetupNeverFollowsMemberSymlinks (0.05s)
    --- SKIP: TestRootSetupNeverFollowsMemberSymlinks/CSEC02 (0.00s)
=== RUN   TestRootPreflightParsesOnlyEnvelope
=== RUN   TestRootPreflightParsesOnlyEnvelope/CSEC02
    root_boundary_test.go:92: PENDING C-SEC-02: requires approved installed bundle and real msb; set SMITHERS_GUEST_ROOT_BOUNDARY_CHECK=1
=== NAME  TestRootPreflightParsesOnlyEnvelope
    root_boundary_test.go:93: 
        	Error Trace:	/Users/williamcory/lanes/sec01/packages/backend/microsandbox/root_boundary_test.go:25
        	            				/Users/williamcory/lanes/sec01/packages/backend/microsandbox/root_boundary_test.go:93
        	Error:      	Received unexpected error:
        	            	exit status 1
        	Test:       	TestRootPreflightParsesOnlyEnvelope
        	Messages:   	Traceback (most recent call last):
        	            	  File "<string>", line 27, in <module>
        	            	    try: g.run_exec(request)
        	            	         ~~~~~~~~~~^^^^^^^^^
        	            	  File "/Users/williamcory/lanes/sec01/packages/backend/microsandbox/guest/smithers-guest.py", line 111, in run_exec
        	            	    argv = request.get("argv") or []
        	            	           ~~~~~~~~~~~^^^^^^^^
        	            	  File "<string>", line 10, in get
        	            	    assert key in ('id','user'), 'pre-drop payload access: '+key
        	            	           ^^^^^^^^^^^^^^^^^^^^
        	            	AssertionError: pre-drop payload access: argv
--- FAIL: TestRootPreflightParsesOnlyEnvelope (0.04s)
    --- SKIP: TestRootPreflightParsesOnlyEnvelope/CSEC02 (0.00s)
FAIL
FAIL	github.com/smithersai/smithers/packages/backend/microsandbox	0.479s
FAIL
