bun test v1.4.2 (744846f84)

src/mainview/cards/views/Views.test.tsx:
(pass) CodeEditorView.stories.tsx/remote_carets_on light DOM [121.34ms]
(pass) CodeEditorView.stories.tsx/remote_carets_on dark DOM [35.91ms]
(pass) CodeEditorView.stories.tsx/remote_carets_off light DOM [26.60ms]
(pass) CodeEditorView.stories.tsx/remote_carets_off dark DOM [19.94ms]
(pass) CodeEditorView.stories.tsx/live light DOM [20.72ms]
(pass) CodeEditorView.stories.tsx/live dark DOM [23.71ms]
(pass) CodeEditorView.stories.tsx/live_separate light DOM [21.83ms]
(pass) CodeEditorView.stories.tsx/live_separate dark DOM [17.38ms]
(pass) CodeEditorView.stories.tsx/no_binding light DOM [17.48ms]
(pass) CodeEditorView.stories.tsx/no_binding dark DOM [17.56ms]
(pass) CodeEditorView.stories.tsx/saved light DOM [17.94ms]
(pass) CodeEditorView.stories.tsx/saved dark DOM [18.96ms]
(pass) CodeEditorView.stories.tsx/unsaved light DOM [128.66ms]
(pass) CodeEditorView.stories.tsx/unsaved dark DOM [107.01ms]
(pass) CodeEditorView.stories.tsx/outside light DOM [85.51ms]
(pass) CodeEditorView.stories.tsx/outside dark DOM [113.10ms]
(pass) CodeEditorView.stories.tsx/text light DOM [44.87ms]
(pass) CodeEditorView.stories.tsx/text dark DOM [37.89ms]
(pass) CodeEditorView.stories.tsx/binary light DOM [4.80ms]
(pass) CodeEditorView.stories.tsx/binary dark DOM [4.55ms]
(pass) CodeEditorView.stories.tsx/too_large light DOM [14.06ms]
(pass) CodeEditorView.stories.tsx/too_large dark DOM [3.85ms]
(pass) CodeEditorView.stories.tsx/missing_reapply light DOM [53.35ms]
(pass) CodeEditorView.stories.tsx/missing_reapply dark DOM [54.02ms]
(pass) CodeEditorView.stories.tsx/five_editors light DOM [46.71ms]
(pass) CodeEditorView.stories.tsx/five_editors dark DOM [42.53ms]
(pass) CodeEditorView.stories.tsx/unsaved_one light DOM [77.34ms]
(pass) CodeEditorView.stories.tsx/unsaved_one dark DOM [94.87ms]
(pass) CodeEditorView.stories.tsx/disabled_reapply light DOM [87.84ms]
(pass) CodeEditorView.stories.tsx/disabled_reapply dark DOM [120.82ms]
(pass) File live notices, snapshot and Compare use supplied data [149.37ms]
(pass) File disabled and unavailable controls cannot dispatch [50.45ms]
(pass) File without authority hides live indicators and retains recovery (saving) [46.65ms]
(pass) File without authority hides live indicators and retains recovery (saved) [60.14ms]
(pass) File recovery renders hostile text inert and copies the literal buffer [52.76ms]
(pass) File Copy writes the recovered edit, with singular recovery copy [62.34ms]
(pass) File presence review regressions > binding shares undelegated agent colour with avatar [38.73ms]
(pass) File presence review regressions > recovery notice owns primary Reapply and reports Copy failure [43.37ms]
(pass) File presence review regressions > outside notice owns Compare [44.49ms]
(pass) File editor avatars overlap and cap at four [46.31ms]
(pass) File over-limit text uses the co-editing limit copy [3.06ms]
(pass) File literal live states preserve the selected line and data-only snapshot [150.41ms]
(pass) File Compare shows literal revisions and bytes without remounting the current editor [178.56ms]
(pass) File Compare gates unavailable versions (missing) [57.29ms]
(pass) File Compare gates unavailable versions (stale) [59.95ms]
(pass) File Compare gates unavailable versions (closed) [48.44ms]
(pass) File Compare gates unavailable versions (gone) [39.60ms]
(pass) File Compare gates unavailable versions (binary) [15.64ms]
(pass) File Compare gates unavailable versions (no_outside) [55.48ms]
(pass) File Compare gates unavailable versions (empty) [80.94ms]

 50 pass
 1157 filtered out
 0 fail
 342 expect() calls
Ran 50 tests across 1 file. [4.27s]
